[html.templines.com/shoptime-html/bath/index.html]
[backblue.gif]
[fade.gif]
[index.html]
[html.templines.com/shoptime-html/bath/css/color11.css]
[html.templines.com/shoptime-html/bath/images/logo.png]
[html.templines.com/shoptime-html/bath/index-2.html]
[html.templines.com/shoptime-html/bath/catalog.html]
[html.templines.com/shoptime-html/bath/contact.html]
[html.templines.com/shoptime-html/bath/product.html]
[html.templines.com/shoptime-html/bath/blog.html]
[html.templines.com/shoptime-html/bath/cart.html]
[html.templines.com/shoptime-html/bath/blog_single_post.html]
[html.templines.com/shoptime-html/bath/media/slides/1.jpg]
[html.templines.com/shoptime-html/bath/media/promo/1.jpg]
[html.templines.com/shoptime-html/bath/media/promo/2.jpg]
[html.templines.com/shoptime-html/bath/media/promo/3.jpg]
[html.templines.com/shoptime-html/bath/media/promo/4.jpg]
[html.templines.com/shoptime-html/bath/media/promo/5.jpg]
[html.templines.com/shoptime-html/bath/media/sale.jpg]
[html.templines.com/shoptime-html/bath/media/product/1.jpg]
[html.templines.com/shoptime-html/bath/media/product/2.jpg]
[html.templines.com/shoptime-html/bath/media/product/3.jpg]
[html.templines.com/shoptime-html/bath/media/product/4.jpg]
[html.templines.com/shoptime-html/bath/images/partner_logo_1.png]
[html.templines.com/shoptime-html/bath/images/partner_logo_2.png]
[html.templines.com/shoptime-html/bath/images/partner_logo_3.png]
[html.templines.com/shoptime-html/bath/images/partner_logo_4.png]
[html.templines.com/shoptime-html/bath/images/partner_logo_5.png]
[html.templines.com/shoptime-html/bath/js/jquery.icheck.js]
[html.templines.com/shoptime-html/bath/js/bootstrap.min.js]
[html.templines.com/shoptime-html/bath/js/package.min.js]
[html.templines.com/shoptime-html/bath/js/bxslider/jquery.bxslider.min.js]
[html.templines.com/shoptime-html/bath/js/jquery.flexslider.js]
[html.templines.com/shoptime-html/bath/index.html]
[html.templines.com/shoptime-html/bath/js/scripts.js]
[html.templines.com/shoptime-html/bath/js/jquery.js]
[html.templines.com/shoptime-html/bath/fonts/lato/stylesheet.css]
[html.templines.com/shoptime-html/bath/fonts/font-awesome/css/font-awesome.min.css]
[html.templines.com/shoptime-html/bath/css/bootstrap-theme.css]
[html.templines.com/shoptime-html/bath/css/bootstrap.css]
[html.templines.com/shoptime-html/bath/css/style.css]
[html.templines.com/shoptime-html/bath/css/minimal.css]
[html.templines.com/shoptime-html/bath/css/jquery.bxslider.css]
[html.templines.com/shoptime-html/bath/css/jquery-ui.css]
[html.templines.com/shoptime-html/bath/css/jquery.ui.slider.css]
[html.templines.com/shoptime-html/bath/css/flexslider-product.css]
[html.templines.com/shoptime-html/bath/css/animate.css]
[html.templines.com/shoptime-html/bath/css/hover.css]
[html.templines.com/shoptime-html/bath/css/jquery.selectbox.css]
[html.templines.com/shoptime-html/bath/css/flexslider.css]
[html.templines.com/shoptime-html/bath/css/responsive.css]
[html.templines.com/shoptime-html/bath/css/master.css]
[html.templines.com/shoptime-html/bath/css/color11.css]
[html.templines.com/shoptime-html/bath/index-2.html]
[html.templines.com/shoptime-html/bath/css/debugging.css]
[html.templines.com/shoptime-html/bath/media/slides/catalog-slide1.png]
[html.templines.com/shoptime-html/bath/media/slides/catalog-slide2.png]
[html.templines.com/shoptime-html/bath/media/slides/catalog-slide3.png]
[html.templines.com/shoptime-html/bath/js/jquery.selectbox-0.2.js]
[html.templines.com/shoptime-html/bath/js/jquery-ui.min.js]
[html.templines.com/shoptime-html/bath/catalog.html]
[html.templines.com/shoptime-html/bath/product.html]
[html.templines.com/shoptime-html/bath/cart.html]
[html.templines.com/shoptime-html/bath/media/maps.png]
[html.templines.com/shoptime-html/bath/contact.html]
[html.templines.com/shoptime-html/bath/media/blog/1.jpg]
[html.templines.com/shoptime-html/bath/media/blog/user1.png]
[html.templines.com/shoptime-html/bath/images/audio_player.png]
[html.templines.com/shoptime-html/bath/media/blog/images/post_01.png]
[html.templines.com/shoptime-html/bath/media/blog/images/post_02.png]
[html.templines.com/shoptime-html/bath/media/blog/images/post_03.png]
[html.templines.com/shoptime-html/bath/media/blog/images/post_04.png]
[html.templines.com/shoptime-html/bath/media/blog/images/post_05.png]
[html.templines.com/shoptime-html/bath/blog.html]
[html.templines.com/shoptime-html/bath/media/blog/2.jpg]
[html.templines.com/shoptime-html/bath/media/blog/user2.png]
[html.templines.com/shoptime-html/bath/images/user_img.png]
[html.templines.com/shoptime-html/bath/blog_single_post.html]
[html.templines.com/shoptime-html/bath/js/jquery.js]
[html.templines.com/shoptime-html/bath/js/bootstrap.min.js]
[html.templines.com/shoptime-html/bath/js/jquery.icheck.js]
[html.templines.com/shoptime-html/bath/js/package.min.js]
[html.templines.com/shoptime-html/bath/js/jquery.flexslider.js]
[html.templines.com/shoptime-html/bath/js/bxslider/jquery.bxslider.min.js]
[html.templines.com/shoptime-html/bath/js/scripts.js]
[html.templines.com/shoptime-html/bath/fonts/lato/lato-hairlineitalic-webfont.eot]
[html.templines.com/shoptime-html/bath/fonts/lato/lato-hairlineitalic-webfont.woff2]
[html.templines.com/shoptime-html/bath/fonts/lato/lato-hairlineitalic-webfontd41d.eot]
[html.templines.com/shoptime-html/bath/fonts/lato/lato-hairlineitalic-webfont.woff]
[html.templines.com/shoptime-html/bath/fonts/lato/lato-hairlineitalic-webfont.ttf]
[html.templines.com/shoptime-html/bath/fonts/lato/lato-hairline-webfont.eot]
[html.templines.com/shoptime-html/bath/fonts/lato/lato-hairline-webfont.woff2]
[html.templines.com/shoptime-html/bath/fonts/lato/lato-hairline-webfontd41d.eot]
[html.templines.com/shoptime-html/bath/fonts/lato/lato-hairline-webfont.woff]
[html.templines.com/shoptime-html/bath/fonts/lato/lato-hairline-webfont.ttf]
[html.templines.com/shoptime-html/bath/fonts/lato/lato-bold-webfont.eot]
[html.templines.com/shoptime-html/bath/fonts/lato/lato-bold-webfont.woff2]
[html.templines.com/shoptime-html/bath/fonts/lato/lato-bold-webfontd41d.eot]
[html.templines.com/shoptime-html/bath/fonts/lato/lato-bold-webfont.woff]
[html.templines.com/shoptime-html/bath/fonts/lato/lato-bold-webfont.ttf]
[html.templines.com/shoptime-html/bath/fonts/lato/lato-blackitalic-webfont.eot]
[html.templines.com/shoptime-html/bath/fonts/lato/lato-blackitalic-webfont.woff2]
[html.templines.com/shoptime-html/bath/fonts/lato/lato-blackitalic-webfontd41d.eot]
[html.templines.com/shoptime-html/bath/fonts/lato/lato-blackitalic-webfont.woff]
[html.templines.com/shoptime-html/bath/fonts/lato/lato-blackitalic-webfont.ttf]
[html.templines.com/shoptime-html/bath/fonts/lato/lato-black-webfont.eot]
[html.templines.com/shoptime-html/bath/fonts/lato/lato-black-webfont.woff2]
[html.templines.com/shoptime-html/bath/fonts/lato/lato-black-webfontd41d.eot]
[html.templines.com/shoptime-html/bath/fonts/lato/lato-black-webfont.woff]
[html.templines.com/shoptime-html/bath/fonts/lato/lato-black-webfont.ttf]
[html.templines.com/shoptime-html/bath/fonts/lato/lato-lightitalic-webfont.eot]
[html.templines.com/shoptime-html/bath/fonts/lato/lato-lightitalic-webfont.woff2]
[html.templines.com/shoptime-html/bath/fonts/lato/lato-lightitalic-webfontd41d.eot]
[html.templines.com/shoptime-html/bath/fonts/lato/lato-lightitalic-webfont.woff]
[html.templines.com/shoptime-html/bath/fonts/lato/lato-lightitalic-webfont.ttf]
[html.templines.com/shoptime-html/bath/fonts/lato/lato-bolditalic-webfont.eot]
[html.templines.com/shoptime-html/bath/fonts/lato/lato-bolditalic-webfont.woff2]
[html.templines.com/shoptime-html/bath/fonts/lato/lato-bolditalic-webfontd41d.eot]
[html.templines.com/shoptime-html/bath/fonts/lato/lato-bolditalic-webfont.woff]
[html.templines.com/shoptime-html/bath/fonts/lato/lato-bolditalic-webfont.ttf]
[html.templines.com/shoptime-html/bath/fonts/lato/lato-light-webfont.eot]
[html.templines.com/shoptime-html/bath/fonts/lato/lato-light-webfont.woff2]
[html.templines.com/shoptime-html/bath/fonts/lato/lato-light-webfontd41d.eot]
[html.templines.com/shoptime-html/bath/fonts/lato/lato-light-webfont.woff]
[html.templines.com/shoptime-html/bath/fonts/lato/lato-light-webfont.ttf]
[html.templines.com/shoptime-html/bath/fonts/lato/lato-italic-webfont.eot]
[html.templines.com/shoptime-html/bath/fonts/lato/lato-italic-webfont.woff2]
[html.templines.com/shoptime-html/bath/fonts/lato/lato-italic-webfontd41d.eot]
[html.templines.com/shoptime-html/bath/fonts/lato/lato-italic-webfont.woff]
[html.templines.com/shoptime-html/bath/fonts/lato/lato-italic-webfont.ttf]
[html.templines.com/shoptime-html/bath/fonts/lato/lato-heavyitalic-webfont.eot]
[html.templines.com/shoptime-html/bath/fonts/lato/lato-heavyitalic-webfont.woff2]
[html.templines.com/shoptime-html/bath/fonts/lato/lato-heavyitalic-webfontd41d.eot]
[html.templines.com/shoptime-html/bath/fonts/lato/lato-heavyitalic-webfont.woff]
[html.templines.com/shoptime-html/bath/fonts/lato/lato-heavyitalic-webfont.ttf]
[html.templines.com/shoptime-html/bath/fonts/lato/lato-heavy-webfont.eot]
[html.templines.com/shoptime-html/bath/fonts/lato/lato-heavy-webfont.woff2]
[html.templines.com/shoptime-html/bath/fonts/lato/lato-heavy-webfontd41d.eot]
[html.templines.com/shoptime-html/bath/fonts/lato/lato-heavy-webfont.woff]
[html.templines.com/shoptime-html/bath/fonts/lato/lato-heavy-webfont.ttf]
[html.templines.com/shoptime-html/bath/fonts/lato/lato-medium-webfont.eot]
[html.templines.com/shoptime-html/bath/fonts/lato/lato-medium-webfont.woff2]
[html.templines.com/shoptime-html/bath/fonts/lato/lato-medium-webfontd41d.eot]
[html.templines.com/shoptime-html/bath/fonts/lato/lato-medium-webfont.woff]
[html.templines.com/shoptime-html/bath/fonts/lato/lato-medium-webfont.ttf]
[html.templines.com/shoptime-html/bath/fonts/lato/lato-regular-webfont.eot]
[html.templines.com/shoptime-html/bath/fonts/lato/lato-regular-webfont.woff2]
[html.templines.com/shoptime-html/bath/fonts/lato/lato-regular-webfontd41d.eot]
[html.templines.com/shoptime-html/bath/fonts/lato/lato-regular-webfont.woff]
[html.templines.com/shoptime-html/bath/fonts/lato/lato-regular-webfont.ttf]
[html.templines.com/shoptime-html/bath/fonts/lato/lato-thin-webfont.eot]
[html.templines.com/shoptime-html/bath/fonts/lato/lato-thin-webfont.woff2]
[html.templines.com/shoptime-html/bath/fonts/lato/lato-thin-webfontd41d.eot]
[html.templines.com/shoptime-html/bath/fonts/lato/lato-thin-webfont.woff]
[html.templines.com/shoptime-html/bath/fonts/lato/lato-thin-webfont.ttf]
[html.templines.com/shoptime-html/bath/fonts/lato/lato-mediumitalic-webfont.eot]
[html.templines.com/shoptime-html/bath/fonts/lato/lato-mediumitalic-webfont.woff2]
[html.templines.com/shoptime-html/bath/fonts/lato/lato-mediumitalic-webfontd41d.eot]
[html.templines.com/shoptime-html/bath/fonts/lato/lato-mediumitalic-webfont.woff]
[html.templines.com/shoptime-html/bath/fonts/lato/lato-mediumitalic-webfont.ttf]
[html.templines.com/shoptime-html/bath/fonts/lato/lato-semibold-webfont.eot]
[html.templines.com/shoptime-html/bath/fonts/lato/lato-semibold-webfont.woff2]
[html.templines.com/shoptime-html/bath/fonts/lato/lato-semibold-webfontd41d.eot]
[html.templines.com/shoptime-html/bath/fonts/lato/lato-semibold-webfont.woff]
[html.templines.com/shoptime-html/bath/fonts/lato/lato-semibold-webfont.ttf]
[html.templines.com/shoptime-html/bath/fonts/lato/lato-semibolditalic-webfont.eot]
[html.templines.com/shoptime-html/bath/fonts/lato/lato-semibolditalic-webfont.woff2]
[html.templines.com/shoptime-html/bath/fonts/lato/lato-semibolditalic-webfontd41d.eot]
[html.templines.com/shoptime-html/bath/fonts/lato/lato-semibolditalic-webfont.woff]
[html.templines.com/shoptime-html/bath/fonts/lato/lato-semibolditalic-webfont.ttf]
[html.templines.com/shoptime-html/bath/fonts/lato/lato-thinitalic-webfont.eot]
[html.templines.com/shoptime-html/bath/fonts/lato/lato-thinitalic-webfont.woff2]
[html.templines.com/shoptime-html/bath/fonts/lato/lato-thinitalic-webfont.woff]
[html.templines.com/shoptime-html/bath/fonts/lato/lato-thinitalic-webfontd41d.eot]
[html.templines.com/shoptime-html/bath/fonts/lato/lato-thinitalic-webfont.ttf]
[html.templines.com/shoptime-html/bath/fonts/lato/stylesheet.css]
[html.templines.com/shoptime-html/bath/fonts/font-awesome/fonts/fontawesome-webfont78ce.eot]
[html.templines.com/shoptime-html/bath/fonts/font-awesome/fonts/fontawesome-webfontd41d.eot]
[html.templines.com/shoptime-html/bath/fonts/font-awesome/fonts/fontawesome-webfont78ce.woff]
[html.templines.com/shoptime-html/bath/fonts/font-awesome/fonts/fontawesome-webfont78ce.ttf]
[html.templines.com/shoptime-html/bath/fonts/font-awesome/fonts/fontawesome-webfont78ce.svg]
[html.templines.com/shoptime-html/bath/fonts/font-awesome/css/font-awesome.min.css]
[html.templines.com/shoptime-html/bath/css/bootstrap-theme.css]
[html.templines.com/shoptime-html/bath/css/bootstrap.css]
[html.templines.com/shoptime-html/bath/images/banner_nav.png]
[html.templines.com/shoptime-html/bath/images/banner_nav_active.png]
[html.templines.com/shoptime-html/bath/images/delete_icon.png]
[html.templines.com/shoptime-html/bath/images/scroll_icon.png]
[html.templines.com/shoptime-html/bath/images/cotnent_bg.png]
[html.templines.com/shoptime-html/bath/images/rounded_box.png]
[html.templines.com/shoptime-html/bath/images/play.png]
[html.templines.com/shoptime-html/bath/images/pause.png]
[html.templines.com/shoptime-html/bath/images/arrow_down.png]
[html.templines.com/shoptime-html/bath/images/arrow_up.png]
[html.templines.com/shoptime-html/bath/images/multicolor.png]
[html.templines.com/shoptime-html/bath/images/img_2.png]
[html.templines.com/shoptime-html/bath/images/circle_bg_2.png]
[html.templines.com/shoptime-html/bath/images/circle_bg.png]
[html.templines.com/shoptime-html/bath/images/com_circle.png]
[html.templines.com/shoptime-html/bath/images/minus.png]
[html.templines.com/shoptime-html/bath/images/plus.png]
[html.templines.com/shoptime-html/bath/images/refresh.png]
[html.templines.com/shoptime-html/bath/images/back_to_catalog.png]
[html.templines.com/shoptime-html/bath/images/select_open_arr_1.png]
[html.templines.com/shoptime-html/bath/images/select_close_arr_1.png]
[html.templines.com/shoptime-html/bath/images/icon_1.png]
[html.templines.com/shoptime-html/bath/images/icon_2.png]
[html.templines.com/shoptime-html/bath/images/icon_3.png]
[html.templines.com/shoptime-html/bath/images/icon_4.png]
[html.templines.com/shoptime-html/bath/images/footer_bg.png]
[html.templines.com/shoptime-html/bath/css/style.css]
[html.templines.com/shoptime-html/bath/css/minimal.png]
[html.templines.com/shoptime-html/bath/css/minimal.css]
[html.templines.com/shoptime-html/bath/css/jquery.bxslider.css]
[html.templines.com/shoptime-html/bath/css/yamm.css]
[html.templines.com/shoptime-html/bath/images/ui-bg_highlight-soft_75_ffe45c_1x100.png]
[html.templines.com/shoptime-html/bath/images/ui-bg_diagonals-thick_18_b81900_40x40.png]
[html.templines.com/shoptime-html/bath/images/ui-icons_222222_256x240.png]
[html.templines.com/shoptime-html/bath/images/ui-icons_ffffff_256x240.png]
[html.templines.com/shoptime-html/bath/images/ui-icons_ef8c08_256x240.png]
[html.templines.com/shoptime-html/bath/images/ui-icons_228ef1_256x240.png]
[html.templines.com/shoptime-html/bath/images/ui-icons_ffd27a_256x240.png]
[html.templines.com/shoptime-html/bath/images/ui-bg_diagonals-thick_20_666666_40x40.png]
[html.templines.com/shoptime-html/bath/images/ui-bg_flat_10_000000_40x100.png]
[html.templines.com/shoptime-html/bath/css/jquery-ui.css]
[html.templines.com/shoptime-html/bath/css/jquery.ui.slider.css]
[html.templines.com/shoptime-html/bath/css/fonts/flexslider-icon.eot]
[html.templines.com/shoptime-html/bath/css/fonts/flexslider-icond41d.eot]
[html.templines.com/shoptime-html/bath/css/fonts/flexslider-icon.woff]
[html.templines.com/shoptime-html/bath/css/fonts/flexslider-icon.ttf]
[html.templines.com/shoptime-html/bath/css/flexslider.css]
[html.templines.com/shoptime-html/bath/css/flexslider-product.css]
[html.templines.com/shoptime-html/bath/css/animate.css]
[html.templines.com/shoptime-html/bath/css/hover.css]
[html.templines.com/shoptime-html/bath/css/fonts/flexslider-icon.svg]
[html.templines.com/shoptime-html/bath/images/select_open_arr.png]
[html.templines.com/shoptime-html/bath/images/select_close_arr.png]
[html.templines.com/shoptime-html/bath/css/jquery.selectbox.css]
[html.templines.com/shoptime-html/bath/css/responsive.css]
[html.templines.com/shoptime-html/bath/css/debugging.css]
[html.templines.com/shoptime-html/bath/js/jquery.selectbox-0.2.js]
[html.templines.com/shoptime-html/bath/js/jquery-ui.min.js]
[html.templines.com/shoptime-html/bath/Popover requires tooltip.html]
[html.templines.com/shoptime-html/bath/fonts/font-awesome/fonts/fontawesome-webfont78ce.svg]
[html.templines.com/shoptime-html/bath/fonts/glyphicons-halflings-regular.html]
[html.templines.com/shoptime-html/bath/fonts/glyphicons-halflings-regulard41dd41d.html]
[html.templines.com/shoptime-html/bath/fonts/glyphicons-halflings-regular-2.html]
[html.templines.com/shoptime-html/bath/fonts/glyphicons-halflings-regular-3.html]
[html.templines.com/shoptime-html/bath/fonts/glyphicons-halflings-regular-4.html]
[html.templines.com/shoptime-html/bath/css/minimal_2x.html]
[html.templines.com/shoptime-html/bath/css/images/controls.html]
[html.templines.com/shoptime-html/bath/css/fonts/flexslider-icon.svg]
[html.templines.com/shoptime-html/bath/images/dropdown_bg.html]
